// Jest Snapshot v1, https://goo.gl/fbAQLP

exports[`ActionButtons canSave disables the Save button 1`] = `
.c2 {
  background-color: white;
  border: 0.0625em solid #d8d8d8;
  border-radius: 0.25rem;
  font-family: inherit;
  font-size: 1.1rem;
  padding: 0.5em 1.125em;
  -webkit-transition: background-color 0.25s,border-color 0.25s,box-shadow 0.25s,color 0.25s;
  transition: background-color 0.25s,border-color 0.25s,box-shadow 0.25s,color 0.25s;
}

.c2:focus {
  box-shadow: 0 0 0 2px white,0 0 3px 3px #1890ff;
  outline: none;
}

.c2:hover {
  background-color: #f2f2f2;
  cursor: pointer;
}

.c2:disabled {
  background-color: #eeeeee;
  border-color: #cccccc;
  color: #999999;
  cursor: not-allowed;
}

.c3 {
  background-color: white;
  border: 0.0625em solid #d8d8d8;
  border-radius: 0.25rem;
  font-family: inherit;
  font-size: 1.1rem;
  padding: 0.5em 1.125em;
  -webkit-transition: background-color 0.25s,border-color 0.25s,box-shadow 0.25s,color 0.25s;
  transition: background-color 0.25s,border-color 0.25s,box-shadow 0.25s,color 0.25s;
  background-color: #1890ff;
  border-color: #1890ff;
  color: white;
}

.c3:focus {
  box-shadow: 0 0 0 2px white,0 0 3px 3px #1890ff;
  outline: none;
}

.c3:hover {
  background-color: #f2f2f2;
  cursor: pointer;
}

.c3:disabled {
  background-color: #eeeeee;
  border-color: #cccccc;
  color: #999999;
  cursor: not-allowed;
}

.c3:not(:disabled):hover {
  background-color: #0084fe;
  cursor: pointer;
}

.c1:not(:last-child) {
  margin-right: 0.5rem;
}

.c0 {
  display: -webkit-box;
  display: -webkit-flex;
  display: -ms-flexbox;
  display: flex;
  -webkit-flex-flow: row nowrap;
  -ms-flex-flow: row nowrap;
  flex-flow: row nowrap;
  -webkit-box-pack: end;
  -webkit-justify-content: flex-end;
  -ms-flex-pack: end;
  justify-content: flex-end;
  grid-area: action-buttons;
  padding: 0.75rem 1rem;
}

<div>
  <div
    class="c0"
  >
    <div
      class="c1"
    >
      <button
        class="c2"
      >
        Cancel
      </button>
    </div>
    <div
      class="c1"
    >
      <button
        class="c3"
        color="primary"
        disabled=""
      >
        Save
      </button>
    </div>
  </div>
</div>
`;
