// Jest Snapshot v1, https://goo.gl/fbAQLP

exports[`Legend matches snapshot 1`] = `
.c1 {
  background-color: #82cc1f;
  border-radius: 0.25rem;
  height: 1.375rem;
  margin: 0 0.5rem 0 1rem;
  min-width: 1.375rem;
}

.c2 {
  background-color: #ffb107;
  border-radius: 0.25rem;
  height: 1.375rem;
  margin: 0 0.5rem 0 1rem;
  min-width: 1.375rem;
}

.c3 {
  background-color: #f65d3e;
  border-radius: 0.25rem;
  height: 1.375rem;
  margin: 0 0.5rem 0 1rem;
  min-width: 1.375rem;
}

.c0 {
  -webkit-align-items: center;
  -webkit-box-align: center;
  -ms-flex-align: center;
  align-items: center;
  display: -webkit-box;
  display: -webkit-flex;
  display: -ms-flexbox;
  display: flex;
  grid-area: legend;
  height: -webkit-fit-content;
  height: -moz-fit-content;
  height: fit-content;
  justify-self: end;
  padding-right: 2.8125rem;
  vertical-align: middle;
  width: -webkit-fit-content;
  width: -moz-fit-content;
  width: fit-content;
}

<div>
  <div
    class="c0"
  >
    <div
      class="c1"
      color="recommended"
    />
    <span>
      Recommended Flavours
    </span>
    <div
      class="c2"
      color="other"
    />
    <span>
      Other Flavours
    </span>
    <div
      class="c3"
      color="caution"
    />
    <span>
      Caution Flavours
    </span>
  </div>
</div>
`;
