// Jest Snapshot v1, https://goo.gl/fbAQLP

exports[`Search matches snapshot 1`] = `
.c1 {
  border: 0.0625rem solid #cccccc;
  border-radius: 0.25rem;
  box-sizing: border-box;
  color: #6e7074;
  font: inherit;
  height: 2.5625rem;
  outline: none;
  padding-left: 1.125rem;
  padding-right: 2.375rem;
  width: 17.0625rem;
}

.c0 {
  grid-area: search;
  height: -webkit-fit-content;
  height: -moz-fit-content;
  height: fit-content;
  justify-self: end;
  margin: 2.215rem 0;
  position: relative;
  width: -webkit-fit-content;
  width: -moz-fit-content;
  width: fit-content;
}

.c0:after {
  border: 0.125rem solid #999999;
  border-radius: 0.125rem;
  box-sizing: border-box;
  color: #999999;
  content: "?";
  display: inline-block;
  font-weight: bold;
  height: 1.375rem;
  position: absolute;
  right: 0.5rem;
  text-align: center;
  top: 50%;
  -webkit-transform: translate(0,-50%);
  -ms-transform: translate(0,-50%);
  transform: translate(0,-50%);
  width: 1.375rem;
}

<div>
  <div
    class="c0"
  >
    <input
      class="c1"
      placeholder="Search"
      type="text"
      value=""
    />
  </div>
</div>
`;
